2026-07-11T10:23:39.295Z  INFO 1 --- [main] com.structurizr.server.Local             : ***********************************************************************************
2026-07-11T10:23:39.333Z  INFO 1 --- [main] com.structurizr.server.Local             :   _____ _                   _              _          
2026-07-11T10:23:39.340Z  INFO 1 --- [main] com.structurizr.server.Local             :  / ____| |                 | |            (_)         
2026-07-11T10:23:39.345Z  INFO 1 --- [main] com.structurizr.server.Local             : | (___ | |_ _ __ _   _  ___| |_ _   _ _ __ _ _____ __ 
2026-07-11T10:23:39.353Z  INFO 1 --- [main] com.structurizr.server.Local             :  \___ \| __| '__| | | |/ __| __| | | | '__| |_  / '__|
2026-07-11T10:23:39.356Z  INFO 1 --- [main] com.structurizr.server.Local             :  ____) | |_| |  | |_| | (__| |_| |_| | |  | |/ /| |   
2026-07-11T10:23:39.359Z  INFO 1 --- [main] com.structurizr.server.Local             : |_____/ \__|_|   \__,_|\___|\__|\__,_|_|  |_/___|_|   
2026-07-11T10:23:39.361Z  INFO 1 --- [main] com.structurizr.server.Local             :                                                       
2026-07-11T10:23:39.366Z  INFO 1 --- [main] com.structurizr.server.Local             : Local v2026.06.28
2026-07-11T10:23:39.369Z  INFO 1 --- [main] com.structurizr.server.Local             : ***********************************************************************************
2026-07-11T10:23:39.378Z  INFO 1 --- [main] com.structurizr.server.Local             :  - structurizr.authentication: none
2026-07-11T10:23:39.382Z  INFO 1 --- [main] com.structurizr.server.Local             :  - structurizr.autorefreshinterval: 0
2026-07-11T10:23:39.386Z  INFO 1 --- [main] com.structurizr.server.Local             :  - structurizr.autosaveinterval: 5000
2026-07-11T10:23:39.393Z  INFO 1 --- [main] com.structurizr.server.Local             :  - structurizr.cache: none
2026-07-11T10:23:39.401Z  INFO 1 --- [main] com.structurizr.server.Local             :  - structurizr.data: file
2026-07-11T10:23:39.404Z  INFO 1 --- [main] com.structurizr.server.Local             :  - structurizr.datadirectory: /usr/local/structurizr
2026-07-11T10:23:39.410Z  INFO 1 --- [main] com.structurizr.server.Local             :  - structurizr.debug: false
2026-07-11T10:23:39.414Z  INFO 1 --- [main] com.structurizr.server.Local             :  - structurizr.editable: true
2026-07-11T10:23:39.417Z  INFO 1 --- [main] com.structurizr.server.Local             :  - structurizr.logging.filename: /usr/local/structurizr/.structurizr/logs/structurizr.log
2026-07-11T10:23:39.421Z  INFO 1 --- [main] com.structurizr.server.Local             :  - structurizr.network.timeout: 60000
2026-07-11T10:23:39.429Z  INFO 1 --- [main] com.structurizr.server.Local             :  - structurizr.network.urls.allowed: .*
2026-07-11T10:23:39.432Z  INFO 1 --- [main] com.structurizr.server.Local             :  - structurizr.search: lucene
2026-07-11T10:23:39.436Z  INFO 1 --- [main] com.structurizr.server.Local             :  - structurizr.themes: /usr/local/structurizr/themes/
2026-07-11T10:23:39.444Z  INFO 1 --- [main] com.structurizr.server.Local             :  - structurizr.workspace.maxsize: 1MB
2026-07-11T10:23:39.448Z  INFO 1 --- [main] com.structurizr.server.Local             :  - structurizr.workspace.threads: 10
2026-07-11T10:23:39.450Z  INFO 1 --- [main] com.structurizr.server.Local             :  - structurizr.workspaces: 1
2026-07-11T10:23:39.454Z  INFO 1 --- [main] com.structurizr.server.Local             : ***********************************************************************************
2026-07-11T10:23:39.462Z  INFO 1 --- [main] com.structurizr.server.Local             : Themes:
2026-07-11T10:23:39.466Z  INFO 1 --- [main] com.structurizr.server.Local             : ***********************************************************************************
2026-07-11T10:23:52.277Z  WARN 1 --- [pool-4-thread-1] c.s.server.web.search.SearchIndexer      : Error indexing workspace with ID 1

com.structurizr.server.component.workspace.WorkspaceComponentException: com.structurizr.dsl.StructurizrDslParserException: Too many tokens, expected: element <tag> { at line 105 of /usr/local/structurizr/views.dsl: element "Execute" {                 // Core Service  → xanh dương at line 8 of /usr/local/structurizr/workspace.dsl: !include views.dsl
	at com.structurizr.server.component.workspace.LocalFileSystemWorkspaceAdapter.loadWorkspace(LocalFileSystemWorkspaceAdapter.java:70) ~[!/:2026.06.28]
	at com.structurizr.server.component.workspace.LocalFileSystemWorkspaceAdapter.getWorkspace(LocalFileSystemWorkspaceAdapter.java:151) ~[!/:2026.06.28]
	at com.structurizr.server.component.workspace.WorkspaceComponentImpl.getWorkspace(WorkspaceComponentImpl.java:206) ~[!/:2026.06.28]
	at com.structurizr.server.web.search.SearchIndexer.lambda$rebuildSearchIndex$0(SearchIndexer.java:52) ~[!/:2026.06.28]
	at java.base/java.util.concurrent.Executors$RunnableAdapter.call(Unknown Source) ~[na:na]
	at java.base/java.util.concurrent.FutureTask.run(Unknown Source) ~[na:na]
	at java.base/java.util.concurrent.ThreadPoolExecutor.runWorker(Unknown Source) ~[na:na]
	at java.base/java.util.concurrent.ThreadPoolExecutor$Worker.run(Unknown Source) ~[na:na]
	at java.base/java.lang.Thread.run(Unknown Source) ~[na:na]
Caused by: com.structurizr.dsl.StructurizrDslParserException: Too many tokens, expected: element <tag> { at line 105 of /usr/local/structurizr/views.dsl: element "Execute" {                 // Core Service  → xanh dương at line 8 of /usr/local/structurizr/workspace.dsl: !include views.dsl
	at com.structurizr.dsl.StructurizrDslParser.parse(StructurizrDslParser.java:1369) ~[structurizr-dsl-6.2.2.jar!/:6.2.2]
	at com.structurizr.dsl.StructurizrDslParser.parse(StructurizrDslParser.java:188) ~[structurizr-dsl-6.2.2.jar!/:6.2.2]
	at com.structurizr.server.component.workspace.LocalFileSystemWorkspaceAdapter.loadWorkspaceFromDsl(LocalFileSystemWorkspaceAdapter.java:113) ~[!/:2026.06.28]
	at com.structurizr.server.component.workspace.LocalFileSystemWorkspaceAdapter.loadWorkspace(LocalFileSystemWorkspaceAdapter.java:68) ~[!/:2026.06.28]
	... 8 common frames omitted

2026-07-11T10:31:00.709Z  INFO 1 --- [SpringApplicationShutdownHook] com.structurizr.server.AbstractServer    : ********************************************************
2026-07-11T10:31:00.710Z  INFO 1 --- [SpringApplicationShutdownHook] com.structurizr.server.AbstractServer    :  Stopping Structurizr
2026-07-11T10:31:00.710Z  INFO 1 --- [SpringApplicationShutdownHook] com.structurizr.server.AbstractServer    : ********************************************************
2026-07-11T10:31:04.584Z  INFO 1 --- [main] com.structurizr.server.Local             : ***********************************************************************************
2026-07-11T10:31:04.587Z  INFO 1 --- [main] com.structurizr.server.Local             :   _____ _                   _              _          
2026-07-11T10:31:04.588Z  INFO 1 --- [main] com.structurizr.server.Local             :  / ____| |                 | |            (_)         
2026-07-11T10:31:04.589Z  INFO 1 --- [main] com.structurizr.server.Local             : | (___ | |_ _ __ _   _  ___| |_ _   _ _ __ _ _____ __ 
2026-07-11T10:31:04.590Z  INFO 1 --- [main] com.structurizr.server.Local             :  \___ \| __| '__| | | |/ __| __| | | | '__| |_  / '__|
2026-07-11T10:31:04.591Z  INFO 1 --- [main] com.structurizr.server.Local             :  ____) | |_| |  | |_| | (__| |_| |_| | |  | |/ /| |   
2026-07-11T10:31:04.591Z  INFO 1 --- [main] com.structurizr.server.Local             : |_____/ \__|_|   \__,_|\___|\__|\__,_|_|  |_/___|_|   
2026-07-11T10:31:04.592Z  INFO 1 --- [main] com.structurizr.server.Local             :                                                       
2026-07-11T10:31:04.594Z  INFO 1 --- [main] com.structurizr.server.Local             : Local v2026.06.28
2026-07-11T10:31:04.595Z  INFO 1 --- [main] com.structurizr.server.Local             : ***********************************************************************************
2026-07-11T10:31:04.596Z  INFO 1 --- [main] com.structurizr.server.Local             :  - structurizr.authentication: none
2026-07-11T10:31:04.597Z  INFO 1 --- [main] com.structurizr.server.Local             :  - structurizr.autorefreshinterval: 0
2026-07-11T10:31:04.598Z  INFO 1 --- [main] com.structurizr.server.Local             :  - structurizr.autosaveinterval: 5000
2026-07-11T10:31:04.599Z  INFO 1 --- [main] com.structurizr.server.Local             :  - structurizr.cache: none
2026-07-11T10:31:04.600Z  INFO 1 --- [main] com.structurizr.server.Local             :  - structurizr.data: file
2026-07-11T10:31:04.601Z  INFO 1 --- [main] com.structurizr.server.Local             :  - structurizr.datadirectory: /usr/local/structurizr
2026-07-11T10:31:04.602Z  INFO 1 --- [main] com.structurizr.server.Local             :  - structurizr.debug: false
2026-07-11T10:31:04.603Z  INFO 1 --- [main] com.structurizr.server.Local             :  - structurizr.editable: true
2026-07-11T10:31:04.604Z  INFO 1 --- [main] com.structurizr.server.Local             :  - structurizr.logging.filename: /usr/local/structurizr/.structurizr/logs/structurizr.log
2026-07-11T10:31:04.604Z  INFO 1 --- [main] com.structurizr.server.Local             :  - structurizr.network.timeout: 60000
2026-07-11T10:31:04.605Z  INFO 1 --- [main] com.structurizr.server.Local             :  - structurizr.network.urls.allowed: .*
2026-07-11T10:31:04.606Z  INFO 1 --- [main] com.structurizr.server.Local             :  - structurizr.search: lucene
2026-07-11T10:31:04.607Z  INFO 1 --- [main] com.structurizr.server.Local             :  - structurizr.themes: /usr/local/structurizr/themes/
2026-07-11T10:31:04.607Z  INFO 1 --- [main] com.structurizr.server.Local             :  - structurizr.workspace.maxsize: 1MB
2026-07-11T10:31:04.608Z  INFO 1 --- [main] com.structurizr.server.Local             :  - structurizr.workspace.threads: 10
2026-07-11T10:31:04.609Z  INFO 1 --- [main] com.structurizr.server.Local             :  - structurizr.workspaces: 1
2026-07-11T10:31:04.609Z  INFO 1 --- [main] com.structurizr.server.Local             : ***********************************************************************************
2026-07-11T10:31:04.610Z  INFO 1 --- [main] com.structurizr.server.Local             : Themes:
2026-07-11T10:31:04.611Z  INFO 1 --- [main] com.structurizr.server.Local             : ***********************************************************************************
2026-07-11T10:33:15.242Z  WARN 1 --- [http-nio-8080-exec-1] .w.s.m.s.DefaultHandlerExceptionResolver : Resolved [org.springframework.web.method.annotation.MethodArgumentTypeMismatchException: Method parameter 'workspaceId': Failed to convert value of type 'java.lang.String' to required type 'long'; For input string: "diagrams"]
